// Jest Snapshot v1, https://goo.gl/fbAQLP

exports[`Button should take a snapshot 1`] = `
<DocumentFragment>
  <button
    class="py-2.5 px-5 me-2 text-sm font-medium text-gray-900 bg-white
           rounded-lg border border-gray-200 hover:bg-gray-100 hover:text-blue-700
            focus:z-10 focus:ring-4 focus:outline-none focus:ring-blue-700
             focus:text-blue-700 inline-flex items-center"
    type="button"
  >
    click me
  </button>
</DocumentFragment>
`;
